[    0.000000] Linux version 4.15.0-60-generic (buildd@lgw01-amd64-030) (gcc version 7.4.0 (Ubuntu 7.4.0-1ubuntu1~18.04.1)) #67-Ubuntu SMP Thu Aug 22 16:55:30 UTC 2019 (Ubuntu 4.15.0-60.67-generic 4.15.18)
[    0.000000] Command line: BOOT_IMAGE=/boot/vmlinuz-4.15.0-60-generic root=LABEL=cloudimg-rootfs ro console=tty1 console=ttyS0
[    0.000000] KERNEL supported cpus:
[    0.000000]   Intel GenuineIntel
[    0.000000]   AMD AuthenticAMD
[    0.000000]   Centaur CentaurHauls
[    0.000000] x86/fpu: Supporting XSAVE feature 0x001: 'x87 floating point registers'
[    0.000000] x86/fpu: Supporting XSAVE feature 0x002: 'SSE registers'
[    0.000000] x86/fpu: Supporting XSAVE feature 0x004: 'AVX registers'
[    0.000000] x86/fpu: xstate_offset[2]:  576, xstate_sizes[2]:  256
[    0.000000] x86/fpu: Enabled xstate features 0x7, context size is 832 bytes, using 'standard' format.
[    0.000000] e820: BIOS-provided physical RAM map:
[    0.000000] BIOS-e820: [mem 0x0000000000000000-0x000000000009fbff] usable
[    0.000000] BIOS-e820: [mem 0x000000000009fc00-0x000000000009ffff] reserved
[    0.000000] BIOS-e820: [mem 0x00000000000f0000-0x00000000000fffff] reserved
[    0.000000] BIOS-e820: [mem 0x0000000000100000-0x000000003ffeffff] usable
[    0.000000] BIOS-e820: [mem 0x000000003fff0000-0x000000003fffffff] ACPI data
[    0.000000] BIOS-e820: [mem 0x00000000fec00000-0x00000000fec00fff] reserved
[    0.000000] BIOS-e820: [mem 0x00000000fee00000-0x00000000fee00fff] reserved
[    0.000000] BIOS-e820: [mem 0x00000000fffc0000-0x00000000ffffffff] reserved
[    0.000000] NX (Execute Disable) protection: active
[    0.000000] SMBIOS 2.5 present.
[    0.000000] DMI: innotek GmbH VirtualBox/VirtualBox, BIOS VirtualBox 12/01/2006
[    0.000000] Hypervisor detected: KVM
[    0.000000] e820: last_pfn = 0x3fff0 max_arch_pfn = 0x400000000
[    0.000000] MTRR: Disabled
[    0.000000] x86/PAT: MTRRs disabled, skipping PAT initialization too.
[    0.000000] CPU MTRRs all blank - virtualized system.
[    0.000000] x86/PAT: Configuration [0-7]: WB  WT  UC- UC  WB  WT  UC- UC  
[    0.000000] found SMP MP-table at [mem 0x0009fff0-0x0009ffff]
[    0.000000] Scanning 1 areas for low memory corruption
[    0.000000] RAMDISK: [mem 0x35a8b000-0x36d3cfff]
[    0.000000] ACPI: Early table checksum verification disabled
[    0.000000] ACPI: RSDP 0x00000000000E0000 000024 (v02 VBOX  )
[    0.000000] ACPI: XSDT 0x000000003FFF0030 00003C (v01 VBOX   VBOXXSDT 00000001 ASL  00000061)
[    0.000000] ACPI: FACP 0x000000003FFF00F0 0000F4 (v04 VBOX   VBOXFACP 00000001 ASL  00000061)
[    0.000000] ACPI: DSDT 0x000000003FFF0470 0022EA (v02 VBOX   VBOXBIOS 00000002 INTL 20180105)
[    0.000000] ACPI: FACS 0x000000003FFF0200 000040
[    0.000000] ACPI: FACS 0x000000003FFF0200 000040
[    0.000000] ACPI: APIC 0x000000003FFF0240 00005C (v02 VBOX   VBOXAPIC 00000001 ASL  00000061)
[    0.000000] ACPI: SSDT 0x000000003FFF02A0 0001CC (v01 VBOX   VBOXCPUT 00000002 INTL 20180105)
[    0.000000] No NUMA configuration found
[    0.000000] Faking a node at [mem 0x0000000000000000-0x000000003ffeffff]
[    0.000000] NODE_DATA(0) allocated [mem 0x3ffc5000-0x3ffeffff]
[    0.000000] kvm-clock: cpu 0, msr 0:3ff44001, primary cpu clock
[    0.000000] kvm-clock: Using msrs 4b564d01 and 4b564d00
[    0.000000] kvm-clock: using sched offset of 3284819405 cycles
[    0.000000] clocksource: kvm-clock: mask: 0xffffffffffffffff max_cycles: 0x1cd42e4dffb, max_idle_ns: 881590591483 ns
[    0.000000] Zone ranges:
[    0.000000]   DMA      [mem 0x0000000000001000-0x0000000000ffffff]
[    0.000000]   DMA32    [mem 0x0000000001000000-0x000000003ffeffff]
[    0.000000]   Normal   empty
[    0.000000]   Device   empty
[    0.000000] Movable zone start for each node
[    0.000000] Early memory node ranges
[    0.000000]   node   0: [mem 0x0000000000001000-0x000000000009efff]
[    0.000000]   node   0: [mem 0x0000000000100000-0x000000003ffeffff]
[    0.000000] Reserved but unavailable: 98 pages
[    0.000000] Initmem setup node 0 [mem 0x0000000000001000-0x000000003ffeffff]
[    0.000000] ACPI: PM-Timer IO Port: 0x4008
[    0.000000] IOAPIC[0]: apic_id 2, version 32, address 0xfec00000, GSI 0-23
[    0.000000] ACPI: INT_SRC_OVR (bus 0 bus_irq 0 global_irq 2 dfl dfl)
[    0.000000] ACPI: INT_SRC_OVR (bus 0 bus_irq 9 global_irq 9 low level)
[    0.000000] Using ACPI (MADT) for SMP configuration information
[    0.000000] smpboot: Allowing 2 CPUs, 0 hotplug CPUs
[    0.000000] PM: Registered nosave memory: [mem 0x00000000-0x00000fff]
[    0.000000] PM: Registered nosave memory: [mem 0x0009f000-0x0009ffff]
[    0.000000] PM: Registered nosave memory: [mem 0x000a0000-0x000effff]
[    0.000000] PM: Registered nosave memory: [mem 0x000f0000-0x000fffff]
[    0.000000] e820: [mem 0x40000000-0xfebfffff] available for PCI devices
[    0.000000] Booting paravirtualized kernel on KVM
[    0.000000] clocksource: refined-jiffies: mask: 0xffffffff max_cycles: 0xffffffff, max_idle_ns: 7645519600211568 ns
[    0.000000] random: get_random_bytes called from start_kernel+0x99/0x4fd with crng_init=0
[    0.000000] setup_percpu: NR_CPUS:8192 nr_cpumask_bits:2 nr_cpu_ids:2 nr_node_ids:1
[    0.000000] percpu: Embedded 46 pages/cpu s151552 r8192 d28672 u1048576
[    0.000000] PV qspinlock hash table entries: 256 (order: 0, 4096 bytes)
[    0.000000] Built 1 zonelists, mobility grouping on.  Total pages: 257913
[    0.000000] Policy zone: DMA32
[    0.000000] Kernel command line: BOOT_IMAGE=/boot/vmlinuz-4.15.0-60-generic root=LABEL=cloudimg-rootfs ro console=tty1 console=ttyS0
[    0.000000] Memory: 983440K/1048120K available (12300K kernel code, 2481K rwdata, 4172K rodata, 2436K init, 2384K bss, 64680K reserved, 0K cma-reserved)
[    0.000000] SLUB: HWalign=64, Order=0-3, MinObjects=0, CPUs=2, Nodes=1
[    0.000000] Kernel/User page tables isolation: enabled
[    0.000000] ftrace: allocating 39306 entries in 154 pages
[    0.004000] Hierarchical RCU implementation.
[    0.004000] 	RCU restricting CPUs from NR_CPUS=8192 to nr_cpu_ids=2.
[    0.004000] 	Tasks RCU enabled.
[    0.004000] RCU: Adjusting geometry for rcu_fanout_leaf=16, nr_cpu_ids=2
[    0.004000] NR_IRQS: 524544, nr_irqs: 440, preallocated irqs: 16
[    0.004000] Console: colour VGA+ 80x25
[    0.004000] console [tty1] enabled
[    0.004000] console [ttyS0] enabled
[    0.004000] ACPI: Core revision 20170831
[    0.004000] ACPI: 2 ACPI AML tables successfully acquired and loaded
[    0.004000] APIC: Switch to symmetric I/O mode setup
[    0.004000] x2apic enabled
[    0.004000] Switched APIC routing to physical x2apic.
[    0.004000] ..TIMER: vector=0x30 apic1=0 pin1=2 apic2=-1 pin2=-1
[    0.004022] tsc: Detected 1799.999 MHz processor
[    0.004658] Calibrating delay loop (skipped) preset value.. 3599.99 BogoMIPS (lpj=7199996)
[    0.005079] pid_max: default: 32768 minimum: 301
[    0.005711] Security Framework initialized
[    0.006298] Yama: becoming mindful.
[    0.006787] AppArmor: AppArmor initialized
[    0.008530] Dentry cache hash table entries: 131072 (order: 8, 1048576 bytes)
[    0.009545] Inode-cache hash table entries: 65536 (order: 7, 524288 bytes)
[    0.010399] Mount-cache hash table entries: 2048 (order: 2, 16384 bytes)
[    0.011226] Mountpoint-cache hash table entries: 2048 (order: 2, 16384 bytes)
[    0.012234] Last level iTLB entries: 4KB 64, 2MB 8, 4MB 8
[    0.013031] Last level dTLB entries: 4KB 64, 2MB 0, 4MB 0, 1GB 4
[    0.013850] Spectre V1 : Mitigation: usercopy/swapgs barriers and __user pointer sanitization
[    0.014937] Spectre V2 : Mitigation: Full generic retpoline
[    0.015654] Spectre V2 : Spectre v2 / SpectreRSB mitigation: Filling RSB on context switch
[    0.016002] Speculative Store Bypass: Vulnerable
[    0.016645] MDS: Mitigation: Clear CPU buffers
[    0.017366] Freeing SMP alternatives memory: 36K
[    0.024000] smpboot: CPU0: Intel(R) Core(TM) i5-8250U CPU @ 1.60GHz (family: 0x6, model: 0x8e, stepping: 0xa)
[    0.024000] Performance Events: unsupported p6 CPU model 142 no PMU driver, software events only.
[    0.024000] Hierarchical SRCU implementation.
[    0.024000] NMI watchdog: Perf event create on CPU 0 failed with -2
[    0.024002] NMI watchdog: Perf NMI watchdog permanently disabled
[    0.024794] smp: Bringing up secondary CPUs ...
[    0.025502] x86: Booting SMP configuration:
[    0.026122] .... node  #0, CPUs:      #1
[    0.004000] kvm-clock: cpu 1, msr 0:3ff44041, secondary cpu clock
[    0.030302] smp: Brought up 1 node, 2 CPUs
[    0.030302] smpboot: Max logical packages: 1
[    0.030302] smpboot: Total of 2 processors activated (7199.99 BogoMIPS)
[    0.032111] devtmpfs: initialized
[    0.032516] x86/mm: Memory block size: 128MB
[    0.033223] evm: security.selinux
[    0.033759] evm: security.SMACK64
[    0.034256] evm: security.SMACK64EXEC
[    0.034749] evm: security.SMACK64TRANSMUTE
[    0.036002] evm: security.SMACK64MMAP
[    0.036584] evm: security.apparmor
[    0.037120] evm: security.ima
[    0.037576] evm: security.capability
[    0.038126] clocksource: jiffies: mask: 0xffffffff max_cycles: 0xffffffff, max_idle_ns: 7645041785100000 ns
[    0.038126] futex hash table entries: 512 (order: 3, 32768 bytes)
[    0.040431] pinctrl core: initialized pinctrl subsystem
[    0.041232] RTC time: 10:13:47, date: 12/03/19
[    0.042101] NET: Registered protocol family 16
[    0.042765] audit: initializing netlink subsys (disabled)
[    0.043480] audit: type=2000 audit(1575368032.603:1): state=initialized audit_enabled=0 res=1
[    0.044096] cpuidle: using governor ladder
[    0.044573] cpuidle: using governor menu
[    0.045149] ACPI: bus type PCI registered
[    0.045681] acpiphp: ACPI Hot Plug PCI Controller Driver version: 0.5
[    0.048010] PCI: Using configuration type 1 for base access
[    0.048821] HugeTLB registered 2.00 MiB page size, pre-allocated 0 pages
[    0.048909] ACPI: Added _OSI(Module Device)
[    0.048909] ACPI: Added _OSI(Processor Device)
[    0.052006] ACPI: Added _OSI(3.0 _SCP Extensions)
[    0.052665] ACPI: Added _OSI(Processor Aggregator Device)
[    0.053351] ACPI: Added _OSI(Linux-Dell-Video)
[    0.053933] ACPI: Added _OSI(Linux-Lenovo-NV-HDMI-Audio)
[    0.054620] ACPI: Added _OSI(Linux-HPI-Hybrid-Graphics)
[    0.055539] ACPI: Executed 1 blocks of module-level executable AML code
[    0.058770] ACPI: Interpreter enabled
[    0.059303] ACPI: (supports S0 S5)
[    0.060002] ACPI: Using IOAPIC for interrupt routing
[    0.060853] PCI: Using host bridge windows from ACPI; if necessary, use "pci=nocrs" and report a bug
[    0.062150] ACPI: Enabled 2 GPEs in block 00 to 07
[    0.067869] ACPI: PCI Root Bridge [PCI0] (domain 0000 [bus 00-ff])
[    0.068006] acpi PNP0A03:00: _OSC: OS supports [ASPM ClockPM Segments MSI]
[    0.069239] acpi PNP0A03:00: _OSC: not requesting OS control; OS requires [ExtendedConfig ASPM ClockPM MSI]
[    0.070488] acpi PNP0A03:00: fail to add MMCONFIG information, can't access extended PCI configuration space under this bridge.
[    0.072258] PCI host bridge to bus 0000:00
[    0.072830] pci_bus 0000:00: root bus resource [io  0x0000-0x0cf7 window]
[    0.073668] pci_bus 0000:00: root bus resource [io  0x0d00-0xffff window]
[    0.074565] pci_bus 0000:00: root bus resource [mem 0x000a0000-0x000bffff window]
[    0.076002] pci_bus 0000:00: root bus resource [mem 0x40000000-0xfdffffff window]
[    0.076960] pci_bus 0000:00: root bus resource [bus 00-ff]
[    0.079103] pci 0000:00:01.1: legacy IDE quirk: reg 0x10: [io  0x01f0-0x01f7]
[    0.080002] pci 0000:00:01.1: legacy IDE quirk: reg 0x14: [io  0x03f6]
[    0.080836] pci 0000:00:01.1: legacy IDE quirk: reg 0x18: [io  0x0170-0x0177]
[    0.081710] pci 0000:00:01.1: legacy IDE quirk: reg 0x1c: [io  0x0376]
[    0.097003] pci 0000:00:07.0: quirk: [io  0x4000-0x403f] claimed by PIIX4 ACPI
[    0.098383] pci 0000:00:07.0: quirk: [io  0x4100-0x410f] claimed by PIIX4 SMB
[    0.106659] ACPI: PCI Interrupt Link [LNKA] (IRQs 5 9 10 *11)
[    0.107712] ACPI: PCI Interrupt Link [LNKB] (IRQs 5 9 *10 11)
[    0.108093] ACPI: PCI Interrupt Link [LNKC] (IRQs 5 *9 10 11)
[    0.108903] ACPI: PCI Interrupt Link [LNKD] (IRQs 5 9 10 *11)
[    0.109951] SCSI subsystem initialized
[    0.110555] pci 0000:00:02.0: vgaarb: setting as boot VGA device
[    0.110555] pci 0000:00:02.0: vgaarb: VGA device added: decodes=io+mem,owns=io+mem,locks=none
[    0.112008] pci 0000:00:02.0: vgaarb: bridge control possible
[    0.112789] vgaarb: loaded
[    0.113259] ACPI: bus type USB registered
[    0.113836] usbcore: registered new interface driver usbfs
[    0.114559] usbcore: registered new interface driver hub
[    0.116025] usbcore: registered new device driver usb
[    0.116770] EDAC MC: Ver: 3.0.0
[    0.116770] PCI: Using ACPI for IRQ routing
[    0.116795] NetLabel: Initializing
[    0.117321] NetLabel:  domain hash size = 128
[    0.120006] NetLabel:  protocols = UNLABELED CIPSOv4 CALIPSO
[    0.121058] NetLabel:  unlabeled traffic allowed by default
[    0.121774] clocksource: Switched to clocksource kvm-clock
[    0.130611] VFS: Disk quotas dquot_6.6.0
[    0.131225] VFS: Dquot-cache hash table entries: 512 (order 0, 4096 bytes)
[    0.132202] AppArmor: AppArmor Filesystem Enabled
[    0.132837] pnp: PnP ACPI init
[    0.134143] pnp: PnP ACPI: found 3 devices
[    0.142526] clocksource: acpi_pm: mask: 0xffffff max_cycles: 0xffffff, max_idle_ns: 2085701024 ns
[    0.143753] NET: Registered protocol family 2
[    0.144944] TCP established hash table entries: 8192 (order: 4, 65536 bytes)
[    0.145840] TCP bind hash table entries: 8192 (order: 5, 131072 bytes)
[    0.146709] TCP: Hash tables configured (established 8192 bind 8192)
[    0.147517] UDP hash table entries: 512 (order: 2, 16384 bytes)
[    0.148277] UDP-Lite hash table entries: 512 (order: 2, 16384 bytes)
[    0.149131] NET: Registered protocol family 1
[    0.149710] pci 0000:00:00.0: Limiting direct PCI/PCI transfers
[    0.150533] pci 0000:00:01.0: Activating ISA DMA hang workarounds
[    0.151327] pci 0000:00:02.0: Video device with shadowed ROM at [mem 0x000c0000-0x000dffff]
[    0.152509] Unpacking initramfs...
[    0.397837] Freeing initrd memory: 19144K
[    0.398547] clocksource: tsc: mask: 0xffffffffffffffff max_cycles: 0x19f228ab7a2, max_idle_ns: 440795289252 ns
[    0.399819] platform rtc_cmos: registered platform RTC device (no PNP device found)
[    0.400845] Scanning for low memory corruption every 60 seconds
[    0.402162] Initialise system trusted keyrings
[    0.402804] Key type blacklist registered
[    0.403423] workingset: timestamp_bits=36 max_order=18 bucket_order=0
[    0.405012] zbud: loaded
[    0.405843] squashfs: version 4.0 (2009/01/31) Phillip Lougher
[    0.408312] fuse init (API version 7.26)
[    0.411812] Key type asymmetric registered
[    0.412429] Asymmetric key parser 'x509' registered
[    0.413100] Block layer SCSI generic (bsg) driver version 0.4 loaded (major 246)
[    0.414158] io scheduler noop registered
[    0.414732] io scheduler deadline registered
[    0.415327] io scheduler cfq registered (default)
[    0.416308] ACPI: AC Adapter [AC] (off-line)
[    0.416922] input: Power Button as /devices/LNXSYSTM:00/LNXPWRBN:00/input/input0
[    0.418112] ACPI: Power Button [PWRF]
[    0.418672] input: Sleep Button as /devices/LNXSYSTM:00/LNXSLPBN:00/input/input1
[    0.419678] ACPI: Sleep Button [SLPF]
[    0.421071] ACPI: Battery Slot [BAT0] (battery present)
[    0.421965] Serial: 8250/16550 driver, 32 ports, IRQ sharing enabled
[    0.443366] 00:02: ttyS0 at I/O 0x3f8 (irq = 4, base_baud = 115200) is a 16550A
[    0.446413] Linux agpgart interface v0.103
[    0.448142] loop: module loaded
[    0.448996] scsi host0: ata_piix
[    0.449543] scsi host1: ata_piix
[    0.450034] ata1: PATA max UDMA/33 cmd 0x1f0 ctl 0x3f6 bmdma 0xd000 irq 14
[    0.450938] ata2: PATA max UDMA/33 cmd 0x170 ctl 0x376 bmdma 0xd008 irq 15
[    0.451900] libphy: Fixed MDIO Bus: probed
[    0.452492] tun: Universal TUN/TAP device driver, 1.6
[    0.453192] PPP generic driver version 2.4.2
[    0.453854] ehci_hcd: USB 2.0 'Enhanced' Host Controller (EHCI) Driver
[    0.454677] ehci-pci: EHCI PCI platform driver
[    0.455292] ehci-platform: EHCI generic platform driver
[    0.456043] ohci_hcd: USB 1.1 'Open' Host Controller (OHCI) Driver
[    0.456816] ohci-pci: OHCI PCI platform driver
[    0.457398] ohci-platform: OHCI generic platform driver
[    0.458255] uhci_hcd: USB Universal Host Controller Interface driver
[    0.459124] i8042: PNP: PS/2 Controller [PNP0303:PS2K,PNP0f03:PS2M] at 0x60,0x64 irq 1,12
[    0.460563] serio: i8042 KBD port at 0x60,0x64 irq 1
[    0.461225] serio: i8042 AUX port at 0x60,0x64 irq 12
[    0.462102] mousedev: PS/2 mouse device common for all mice
[    0.464182] input: AT Translated Set 2 keyboard as /devices/platform/i8042/serio0/input/input2
[    0.465290] rtc_cmos rtc_cmos: rtc core: registered rtc_cmos as rtc0
[    0.466261] rtc_cmos rtc_cmos: alarms up to one day, 114 bytes nvram
[    0.467061] i2c /dev entries driver
[    0.467595] device-mapper: uevent: version 1.0.3
[    0.468351] device-mapper: ioctl: 4.37.0-ioctl (2017-09-20) initialised: dm-devel@redhat.com
[    0.469482] ledtrig-cpu: registered to indicate activity on CPUs
[    0.470580] NET: Registered protocol family 10
[    0.476225] Segment Routing with IPv6
[    0.476764] NET: Registered protocol family 17
[    0.477376] Key type dns_resolver registered
[    0.478183] mce: Using 0 MCE banks
[    0.478675] RAS: Correctable Errors collector initialized.
[    0.479428] sched_clock: Marking stable (478158982, 0)->(705600869, -227441887)
[    0.480919] registered taskstats version 1
[    0.481502] Loading compiled-in X.509 certificates
[    0.483924] Loaded X.509 cert 'Build time autogenerated kernel key: 9d88e3c0462fa0d2df2917e8bbfdfdd1c55d8ddc'
[    0.485207] zswap: loaded using pool lzo/zbud
[    0.491813] Key type big_key registered
[    0.492374] Key type trusted registered
[    0.494353] Key type encrypted registered
[    0.494936] AppArmor: AppArmor sha1 policy hashing enabled
[    0.495702] ima: No TPM chip found, activating TPM-bypass! (rc=-19)
[    0.496506] ima: Allocated hash algorithm: sha1
[    0.497108] evm: HMAC attrs: 0x1
[    0.497732]   Magic number: 15:488:223
[    0.498340] rtc_cmos rtc_cmos: setting system clock to 2019-12-03 10:13:48 UTC (1575368028)
[    0.499523] BIOS EDD facility v0.16 2004-Jun-25, 0 devices found
[    0.500321] EDD information not available.
[    0.621760] Freeing unused kernel image memory: 2436K
[    0.628240] Write protecting the kernel read-only data: 20480k
[    0.633429] Freeing unused kernel image memory: 2008K
[    0.637534] Freeing unused kernel image memory: 1972K
[    0.658751] x86/mm: Checked W+X mappings: passed, no W+X pages found.
[    0.660338] x86/mm: Checking user space page tables
[    0.669975] x86/mm: Checked W+X mappings: passed, no W+X pages found.
Loading, please wait...
starting version 237
[    0.725510] e1000: Intel(R) PRO/1000 Network Driver - version 7.3.21-k8-NAPI
[    0.726556] e1000: Copyright (c) 1999-2006 Intel Corporation.
[    0.729539] Fusion MPT base driver 3.04.20
[    0.730319] Copyright (c) 1999-2008 LSI Corporation
[    0.734285] Fusion MPT SPI Host driver 3.04.20
[    0.747929] AVX2 version of gcm_enc/dec engaged.
[    0.748748] AES CTR mode by8 optimization enabled
[    0.945776] input: ImExPS/2 Generic Explorer Mouse as /devices/platform/i8042/serio1/input/input4
[    1.083368] e1000 0000:00:03.0 eth0: (PCI:33MHz:32-bit) 02:76:54:76:58:75
[    1.084306] e1000 0000:00:03.0 eth0: Intel(R) PRO/1000 Network Connection
[    1.085987] mptbase: ioc0: Initiating bringup
[    1.086556] e1000 0000:00:03.0 enp0s3: renamed from eth0
[    1.184689] ioc0: LSI53C1030 A0: Capabilities={Initiator}
[    1.430908] scsi host2: ioc0: LSI53C1030 A0, FwRev=00000000h, Ports=1, MaxQ=256, IRQ=20
[    1.601335] scsi 2:0:0:0: Direct-Access     VBOX     HARDDISK         1.0  PQ: 0 ANSI: 5
[    1.636204] scsi target2:0:0: Beginning Domain Validation
[    1.646015] scsi target2:0:0: Domain Validation skipping write tests
[    1.649463] scsi target2:0:0: Ending Domain Validation
[    1.652529] scsi target2:0:0: asynchronous
[    1.657248] scsi 2:0:1:0: Direct-Access     VBOX     HARDDISK         1.0  PQ: 0 ANSI: 5
[    1.692158] scsi target2:0:1: Beginning Domain Validation
[    1.702118] random: fast init done
[    1.704528] scsi target2:0:1: Domain Validation skipping write tests
[    1.707702] scsi target2:0:1: Ending Domain Validation
[    1.710696] scsi target2:0:1: asynchronous
[    1.730323] random: systemd-udevd: uninitialized urandom read (16 bytes read)
[    1.734186] random: systemd-udevd: uninitialized urandom read (16 bytes read)
[    1.734348] sd 2:0:0:0: Attached scsi generic sg0 type 0
[    1.737864] random: systemd-udevd: uninitialized urandom read (16 bytes read)
[    1.744447] sd 2:0:0:0: [sda] 20971520 512-byte logical blocks: (10.7 GB/10.0 GiB)
[    1.745723] sd 2:0:1:0: Attached scsi generic sg1 type 0
[    1.751322] sd 2:0:0:0: [sda] Write Protect is off
[    1.754655] sd 2:0:0:0: [sda] Incomplete mode parameter data
[    1.754750] sd 2:0:1:0: [sdb] 20480 512-byte logical blocks: (10.5 MB/10.0 MiB)
[    1.756596] sd 2:0:0:0: [sda] Assuming drive cache: write through
[    1.760925] sd 2:0:1:0: [sdb] Write Protect is off
[    1.762788] sd 2:0:1:0: [sdb] Incomplete mode parameter data
[    1.764254] sd 2:0:1:0: [sdb] Assuming drive cache: write through
[    1.764679]  sda: sda1
[    1.768864] sd 2:0:0:0: [sda] Attached SCSI disk
[    1.772146] sd 2:0:1:0: [sdb] Attached SCSI disk
Begin: Loading essential drivers ... [    3.216065] raid6: sse2x1   gen() 11654 MB/s
[    3.264064] raid6: sse2x1   xor()  8505 MB/s
[    3.312033] raid6: sse2x2   gen() 14413 MB/s
[    3.360071] raid6: sse2x2   xor()  9635 MB/s
[    3.408062] raid6: sse2x4   gen() 16572 MB/s
[    3.456055] raid6: sse2x4   xor() 10199 MB/s
[    3.504065] raid6: avx2x1   gen() 23350 MB/s
[    3.552029] raid6: avx2x1   xor() 16446 MB/s
[    3.600058] raid6: avx2x2   gen() 27709 MB/s
[    3.648068] raid6: avx2x2   xor() 17689 MB/s
[    3.696059] raid6: avx2x4   gen() 32609 MB/s
[    3.744055] raid6: avx2x4   xor() 19792 MB/s
[    3.744682] raid6: using algorithm avx2x4 gen() 32609 MB/s
[    3.745374] raid6: .... xor() 19792 MB/s, rmw enabled
[    3.746029] raid6: using avx2x2 recovery algorithm
[    3.747808] xor: automatically using best checksumming function   avx       
[    3.749828] async_tx: api initialized (async)
done.
Begin: Running /scripts/init-premount ... done.
Begin: Mounting root file system ... Begin: Running /scripts/local-top ... done.
Begin: Running /scripts/local-premount ... [    3.788940] Btrfs loaded, crc32c=crc32c-intel
Scanning for Btrfs filesystems
done.
Warning: fsck not present, so skipping root file system
[    3.819362] EXT4-fs (sda1): mounted filesystem with ordered data mode. Opts: (null)
done.
Begin: Running /scripts/local-bottom ... done.
Begin: Running /scripts/init-bottom ... done.
[    4.097995] ip_tables: (C) 2000-2006 Netfilter Core Team
[    4.114879] systemd[1]: systemd 237 running in system mode. (+PAM +AUDIT +SELINUX +IMA +APPARMOR +SMACK +SYSVINIT +UTMP +LIBCRYPTSETUP +GCRYPT +GNUTLS +ACL +XZ +LZ4 +SECCOMP +BLKID +ELFUTILS +KMOD -IDN2 +IDN -PCRE2 default-hierarchy=hybrid)
[    4.122207] systemd[1]: Detected virtualization oracle.
[    4.124112] systemd[1]: Detected architecture x86-64.

Welcome to [1mUbuntu 18.04.3 LTS[0m!

[    4.144995] systemd[1]: Set hostname to <ubuntu-bionic>.
[    4.561826] systemd[1]: Reached target Swap.
[[0;32m  OK  [0m] Reached target Swap.
[    4.566248] systemd[1]: Reached target System Time Synchronized.
[[0;32m  OK  [0m] Reached target System Time Synchronized.
[    4.572212] systemd[1]: Reached target User and Group Name Lookups.
[[0;32m  OK  [0m] Reached target User and Group Name Lookups.
[    4.581619] systemd[1]: Created slice System Slice.
[[0;32m  OK  [0m] Created slice System Slice.
[    4.584796] systemd[1]: Listening on Device-mapper event daemon FIFOs.
[[0;32m  OK  [0m] Listening on Device-mapper event daemon FIFOs.
[    4.588326] systemd[1]: Created slice system-serial\x2dgetty.slice.
[[0;32m  OK  [0m] Created slice system-serial\x2dgetty.slice.
[[0;32m  OK  [0m] Listening on LVM2 poll daemon socket.
[[0;32m  OK  [0m] Listening on /dev/initctl Compatibility Named Pipe.
[[0;32m  OK  [0m] Listening on Journal Socket (/dev/log).
[[0;32m  OK  [0m] Listening on udev Kernel Socket.
[[0;32m  OK  [0m] Listening on LVM2 metadata daemon socket.
[[0;32m  OK  [0m] Started Forward Password Requests to Wall Directory Watch.
[[0;32m  OK  [0m] Listening on Network Service Netlink Socket.
[[0;32m  OK  [0m] Listening on Journal Socket.
         Starting Create list of required stâ€¦ce nodes for the current kernel...
         Mounting POSIX Message Queue File System...
         Starting Set the console keyboard layout...
         Starting Load Kernel Modules...
         Starting Uncomplicated firewall...
         Mounting Huge Pages File System...
         Mounting Kernel Debug File System...
[[0;32m  OK  [0m] Listening on Syslog Socket.
         Starting Remount Root and Kernel File Systems...
[[0;32m  OK  [0m] Set up automount Arbitrary Executabâ€¦rmats File System Automount Point.
[    4.637235] Loading iSCSI transport class v2.0-870.
[    4.643183] iscsi: registered transport (tcp)
[    4.657898] iscsi: registered transport (iser)
[[0;32m  OK  [0m] Listening on udev Control Socket.
         Starting udev Coldplug all Devices...
         Starting Monitoring of LVM2 mirrorsâ€¦ng dmeventd or progress polling...
[[0;32m  OK  [0m] Listening on Journal Audit Socket.
[[0;32m  OK  [0m] Created slice User and Session Slice.
[[0;32m  OK  [0m] Reached target Slices.
         Starting Journal Service...
[[0;32m  OK  [0m] Started Create list of required staâ€¦vice nodes for the current kernel.
[[0;32m  OK  [0m] Mounted POSIX Message Queue File System.
[[0;32m  OK  [0m] Started Load Kernel Modules.
[[0;32m  OK  [0m] Started Uncomplicated firewall.
[[0;32m  OK  [0m] Mounted Huge Pages File System.
[[0;32m  OK  [0m] Mounted Kernel Debug File System.
         Mounting FUSE Control File System...
         Mounting Kernel Configuration File System...
         Starting Apply Kernel Variables...
         Starting Create Static Device Nodes in /dev...
[    4.693551] EXT4-fs (sda1): re-mounted. Opts: (null)
[[0;32m  OK  [0m] Started Remount Root and Kernel File Systems.
[[0;32m  OK  [0m] Mounted FUSE Control File System.
[[0;32m  OK  [0m] Mounted Kernel Configuration File System.
         Starting Load/Save Random Seed...
[[0;32m  OK  [0m] Started Journal Service.
[[0;32m  OK  [0m] Started Create Static Device Nodes in /dev.
[[0;32m  OK  [0m] Started udev Coldplug all Devices.
[[0;32m  OK  [0m] Started Load/Save Random Seed.
[[0;32m  OK  [0m] Started LVM2 metadata daemon.
         Starting udev Kernel Device Manager...
         Starting Flush Journal to Persistent Storage...
[[0;32m  OK  [0m] Started Apply Kernel Variables.
[[0;32m  OK  [0m] Started udev Kernel Device Manager.
[[0;32m  OK  [0m] Started Monitoring of LVM2 mirrors,â€¦sing dmeventd or progress polling.
[[0;32m  OK  [0m] Started Set the console keyboard layout.
[[0;32m  OK  [0m] Started Dispatch Password Requests to Console Directory Watch.
[[0;32m  OK  [0m] Reached target Local Encrypted Volumes.
[[0;32m  OK  [0m] Reached target Local File Systems (Pre).
[[0;32m  OK  [0m] Reached target Local File Systems.
         Starting Set console font and keymap...
         Starting Tell Plymouth To Write Out Runtime Data...
         Starting AppArmor initialization...
         Starting ebtables ruleset management...
[[0;32m  OK  [0m] Started Flush Journal to Persistent Storage.
         Starting Create Volatile Files and Directories...
[[0;32m  OK  [0m] Started Set console font and keymap.
[[0;32m  OK  [0m] Started Tell Plymouth To Write Out Runtime Data.
[[0;32m  OK  [0m] Started Create Volatile Files and Directories.
         Starting Update UTMP about System Boot/Shutdown...
[[0;32m  OK  [0m] Started Update UTMP about System Boot/Shutdown.
[[0;32m  OK  [0m] Started ebtables ruleset management.
[[0;32m  OK  [0m] Found device /dev/ttyS0.
[[0;32m  OK  [0m] Listening on Load/Save RF Kill Switch Status /dev/rfkill Watch.
[[0;32m  OK  [0m] Started AppArmor initialization.
         Starting Initial cloud-init job (pre-networking)...
[    6.606872] cloud-init[532]: Cloud-init v. 19.1-1-gbaa47854-0ubuntu1~18.04.1 running 'init-local' at Tue, 03 Dec 2019 10:13:54 +0000. Up 6.38 seconds.
[[0;32m  OK  [0m] Started Initial cloud-init job (pre-networking).
[[0;32m  OK  [0m] Reached target Network (Pre).
         Starting Network Service...
[[0;32m  OK  [0m] Started Network Service.
         Starting Network Name Resolution...
         Starting Wait for Network to be Configured...
[[0;32m  OK  [0m] Started Network Name Resolution.
[[0;32m  OK  [0m] Reached target Network.
[[0;32m  OK  [0m] Reached target Host and Network Name Lookups.
[[0;32m  OK  [0m] Started Wait for Network to be Configured.
         Starting Initial cloud-init job (metadata service crawler)...
[    8.598104] cloud-init[650]: Cloud-init v. 19.1-1-gbaa47854-0ubuntu1~18.04.1 running 'init' at Tue, 03 Dec 2019 10:13:56 +0000. Up 8.47 seconds.
[    8.599183] cloud-init[650]: ci-info: ++++++++++++++++++++++++++++++++++++++Net device info++++++++++++++++++++++++++++++++++++++
[    8.600241] cloud-init[650]: ci-info: +--------+------+----------------------------+---------------+--------+-------------------+
[    8.601215] cloud-init[650]: ci-info: | Device |  Up  |          Address           |      Mask     | Scope  |     Hw-Address    |
[    8.602409] cloud-init[650]: ci-info: +--------+------+----------------------------+---------------+--------+-------------------+
[    8.603320] cloud-init[650]: ci-info: | enp0s3 | True |         10.0.2.15          | 255.255.255.0 | global | 02:76:54:76:58:75 |
[    8.604397] cloud-init[650]: ci-info: | enp0s3 | True | fe80::76:54ff:fe76:5875/64 |       .       |  link  | 02:76:54:76:58:75 |
[    8.605461] cloud-init[650]: ci-info: |   lo   | True |         127.0.0.1          |   255.0.0.0   |  host  |         .         |
[    8.606572] cloud-init[650]: ci-info: |   lo   | True |          ::1/128           |       .       |  host  |         .         |
[    8.607628] cloud-init[650]: ci-info: +--------+------+----------------------------+---------------+--------+-------------------+
[    8.608680] cloud-init[650]: ci-info: ++++++++++++++++++++++++++++Route IPv4 info+++++++++++++++++++++++++++++
[    8.609598] cloud-init[650]: ci-info: +-------+-------------+----------+-----------------+-----------+-------+
[    8.610535] cloud-init[650]: ci-info: | Route | Destination | Gateway  |     Genmask     | Interface | Flags |
[    8.611463] cloud-init[650]: ci-info: +-------+-------------+----------+-----------------+-----------+-------+
[    8.612382] cloud-init[650]: ci-info: |   0   |   0.0.0.0   | 10.0.2.2 |     0.0.0.0     |   enp0s3  |   UG  |
[    8.613306] cloud-init[650]: ci-info: |   1   |   10.0.2.0  | 0.0.0.0  |  255.255.255.0  |   enp0s3  |   U   |
[    8.614243] cloud-init[650]: ci-info: |   2   |   10.0.2.2  | 0.0.0.0  | 255.255.255.255 |   enp0s3  |   UH  |
[    8.615156] cloud-init[650]: ci-info: +-------+-------------+----------+-----------------+-----------+-------+
[    8.616114] cloud-init[650]: ci-info: +++++++++++++++++++Route IPv6 info+++++++++++++++++++
[    8.616884] cloud-init[650]: ci-info: +-------+-------------+---------+-----------+-------+
[    8.617606] cloud-init[650]: ci-info: | Route | Destination | Gateway | Interface | Flags |
[    8.618368] cloud-init[650]: ci-info: +-------+-------------+---------+-----------+-------+
[    8.619013] cloud-init[650]: ci-info: |   1   |  fe80::/64  |    ::   |   enp0s3  |   U   |
[    8.619800] cloud-init[650]: ci-info: |   3   |    local    |    ::   |   enp0s3  |   U   |
[    8.620493] cloud-init[650]: ci-info: |   4   |   ff00::/8  |    ::   |   enp0s3  |   U   |
[    8.621263] cloud-init[650]: ci-info: +-------+-------------+---------+-----------+-------+
[[0;32m  OK  [0m] Started Initial cloud-init job (metadata service crawler).
[[0;32m  OK  [0m] Reached target Network is Online.
[[0;32m  OK  [0m] Reached target Remote File Systems (Pre).
[[0;32m  OK  [0m] Reached target Remote File Systems.
         Starting Availability of block devices...
[[0;32m  OK  [0m] Reached target Cloud-config availability.
[[0;32m  OK  [0m] Reached target System Initialization.
         Starting LXD - unix socket.
[[0;32m  OK  [0m] Started ACPI Events Check.
[[0;32m  OK  [0m] Reached target Paths.
         Starting Socket activation for snappy daemon.
[[0;32m  OK  [0m] Started Discard unused blocks once a week.
[[0;32m  OK  [0m] Started Daily Cleanup of Temporary Directories.
[[0;32m  OK  [0m] Listening on ACPID Listen Socket.
[[0;32m  OK  [0m] Listening on Open-iSCSI iscsid Socket.
[[0;32m  OK  [0m] Started Daily apt download activities.
[[0;32m  OK  [0m] Started Daily apt upgrade and clean activities.
[[0;32m  OK  [0m] Started Message of the Day.
[[0;32m  OK  [0m] Reached target Timers.
[[0;32m  OK  [0m] Listening on D-Bus System Message Bus Socket.
[[0;32m  OK  [0m] Listening on UUID daemon activation socket.
[[0;32m  OK  [0m] Started Availability of block devices.
[[0;32m  OK  [0m] Listening on LXD - unix socket.
[[0;32m  OK  [0m] Listening on Socket activation for snappy daemon.
[[0;32m  OK  [0m] Reached target Sockets.
[[0;32m  OK  [0m] Reached target Basic System.
[[0;32m  OK  [0m] Started Deferred execution scheduler.
[[0;32m  OK  [0m] Started Regular background program processing daemon.
         Starting LSB: Record successful boot for GRUB...
         Starting Dispatcher daemon for systemd-networkd...
         Starting Virtualbox guest utils...
         Starting Permit User Sessions...
[[0;32m  OK  [0m] Started FUSE filesystem for LXC.
         Starting Accounts Service...
         Starting Snappy daemon...
         Starting LSB: automatic crash report generation...
         Starting OpenBSD Secure Shell server...
[[0;32m  OK  [0m] Started D-Bus System Message Bus.
         Starting Login Service...
         Starting System Logging Service...
[[0;32m  OK  [0m] Started irqbalance daemon.
         Starting LXD - container startup/shutdown...
[[0;32m  OK  [0m] Started Permit User Sessions.
         Starting Terminate Plymouth Boot Screen...
         Starting Hold until boot process finishes up...
[[0;32m  OK  [0m] Started Hold until boot process finishes up.
[[0;32m  OK  [0m] Started Serial Getty on ttyS0.
         Starting Set console scheme...
[[0;32m  OK  [0m] Started Terminate Plymouth Boot Screen.
[[0;32m  OK  [0m] Started OpenBSD Secure Shell server.
[[0;32m  OK  [0m] Started Login Service.
[[0;32m  OK  [0m] Started Unattended Upgrades Shutdown.
[[0;32m  OK  [0m] Started System Logging Service.
[[0;32m  OK  [0m] Started Set console scheme.
[[0;32m  OK  [0m] Created slice system-getty.slice.
[[0;32m  OK  [0m] Started Getty on tty1.
[[0;32m  OK  [0m] Reached target Login Prompts.
         Starting Authorization Manager...
[[0;32m  OK  [0m] Started LSB: automatic crash report generation.
[[0;32m  OK  [0m] Started Authorization Manager.
[[0;32m  OK  [0m] Started Accounts Service.
[[0;32m  OK  [0m] Started LSB: Record successful boot for GRUB.
[[0;32m  OK  [0m] Started Snappy daemon.
         Starting Wait until snapd is fully seeded...
[[0;32m  OK  [0m] Started Virtualbox guest utils.
[[0;32m  OK  [0m] Started LXD - container startup/shutdown.
[[0;32m  OK  [0m] Started Wait until snapd is fully seeded.
         Starting Apply the settings specified in cloud-config...
[[0;32m  OK  [0m] Started Dispatcher daemon for systemd-networkd.
[[0;32m  OK  [0m] Reached target Multi-User System.
[[0;32m  OK  [0m] Reached target Graphical Interface.
         Starting Update UTMP about System Runlevel Changes...
[[0;32m  OK  [0m] Started Update UTMP about System Runlevel Changes.
[   10.202674] cloud-init[1047]: Cloud-init v. 19.1-1-gbaa47854-0ubuntu1~18.04.1 running 'modules:config' at Tue, 03 Dec 2019 10:13:58 +0000. Up 10.11 seconds.
[[0;32m  OK  [0m] Started Apply the settings specified in cloud-config.
         Starting Execute cloud user/final scripts...
[   10.647381] cloud-init[1104]: Cloud-init v. 19.1-1-gbaa47854-0ubuntu1~18.04.1 running 'modules:final' at Tue, 03 Dec 2019 10:13:58 +0000. Up 10.55 seconds.
[   10.649399] cloud-init[1104]: Cloud-init v. 19.1-1-gbaa47854-0ubuntu1~18.04.1 finished at Tue, 03 Dec 2019 10:13:58 +0000. Datasource DataSourceNoCloud [seed=/dev/sdb][dsmode=net].  Up 10.64 seconds
[[0;32m  OK  [0m] Started Execute cloud user/final scripts.
[[0;32m  OK  [0m] Reached target Cloud-init target.

Ubuntu 18.04.3 LTS ubuntu-bionic ttyS0

ubuntu-bionic login:          Stopping Session 3 of user vagrant.
         Stopping User Manager for UID 1000...
[[0;32m  OK  [0m] Stopped target Timers.
[[0;32m  OK  [0m] Stopped Discard unused blocks once a week.
[[0;32m  OK  [[0;32m  OK  [0m] Stopped target Graphical Interface.
         Stopping Accounts Service...
[[0;32m  OK  [0m] Stopped target Timers.
         Stopping User Manager for UID 1000...
[[0;32m  OK  [0m] Stopped Message of the Day.
         Stopping Session 3 of user vagrant.
[[0;32m  OK  [0m] Closed Load/Save RF Kill Switch Status /dev/rfkill Watch.
         Stopping Availability of block devices...
[[0;32m  OK  [0m] Stopped Discard unused blocks once a week.
[[0;32m  OK  [0m] Stopped target Host and Network Name Lookups.
[[0;32m  OK  [0m] Stopped target Cloud-init target.
[[0;32m  OK  [0m] Stopped Execute cloud user/final scripts.
[[0;32m  OK  [0m] Stopped Apply the settings specified in cloud-config.
[[0;32m  OK  [0m] Stopped target Network is Online.
         Stopping Authorization Manager...
[[0;32m  OK  [0m] Stopped target Multi-User System.
         Stopping System Logging Service...
         Stopping irqbalance daemon...
         Stopping OpenBSD Secure Shell server...
         Stopping Dispatcher daemon for systemd-networkd...
         Stopping FUSE filesystem for LXC...
[[0;32m  OK  [0m] Stopped Wait until snapd is fully seeded.
         Stopping LSB: Record successful boot for GRUB...
         Stopping Deferred execution scheduler...
         Stopping Virtualbox guest utils...
         Stopping LXD - container startup/shutdown...
[[0;32m  OK  [0m] Stopped target Cloud-config availability.
[[0;32m  OK  [0m] Stopped target Login Prompts.
         Stopping Serial Getty on ttyS0...
         Stopping Getty on tty1...
         Stopping Unattended Upgrades Shutdown...
[[0;32m  OK  [0m] Stopped Daily Cleanup of Temporary Directories.
         Stopping LSB: automatic crash report generation...
[[0;32m  OK  [0m] Stopped Daily apt upgrade and clean activities.
[[0;32m  OK  [0m] Stopped Daily apt download activities.
[[0;32m  OK  [0m] Stopped target System Time Synchronized.
         Stopping D-Bus System Message Bus...
         Stopping Regular background program processing daemon...
[[0;32m  OK  [0m] Unmounted /var/lib/lxcfs.
[[0;32m  OK  [0m] Stopped irqbalance daemon.
[[0;32m  OK  [0m] Stopped Deferred execution scheduler.
[[0;32m  OK  [0m] Stopped System Logging Service.
[[0;32m  OK  [0m] Stopped Dispatcher daemon for systemd-networkd.
[[0;32m  OK  [0m] Stopped Accounts Service.
[[0;32m  OK  [0m] Stopped Regular background program processing daemon.
[[0;32m  OK  [0m] Stopped Authorization Manager.
[[0;32m  OK  [0m] Stopped Unattended Upgrades Shutdown.
[[0;32m  OK  [0m] Stopped Serial Getty on ttyS0.
[[0;32m  OK  [0m] Stopped Getty on tty1.
[[0;32m  OK  [0m] Stopped OpenBSD Secure Shell server.
[[0;32m  OK  [0m] Stopped User Manager for UID 1000.
[[0;32m  OK  [0m] Stopped Availability of block devices.
[[0;32m  OK  [0m] Stopped D-Bus System Message Bus.
[[0;32m  OK  [0m] Stopped FUSE filesystem for LXC.
[[0;32m  OK  [0m] Stopped Session 3 of user vagrant.
[[0;32m  OK  [0m] Removed slice User Slice of vagrant.
[[0;32m  OK  [0m] Removed slice system-getty.slice.
[[0;32m  OK  [0m] Removed slice system-serial\x2dgetty.slice.
         Stopping Permit User Sessions...
         Stopping Login Service...
[[0;32m  OK  [0m] Stopped LSB: Record successful boot for GRUB.
[[0;32m  OK  [0m] Stopped LXD - container startup/shutdown.
[[0;32m  OK  [0m] Stopped LSB: automatic crash report generation.
[[0;32m  OK  [0m] Stopped Permit User Sessions.
[[0;32m  OK  [0m] Stopped target Remote File Systems.
[[0;32m  OK  [0m] Stopped target Remote File Systems (Pre).
[[0;32m  OK  [0m] Stopped target Network.
         Stopping Network Name Resolution...
[[0;32m  OK  [0m] Stopped Virtualbox guest utils.
[[0;32m  OK  [0m] Stopped Network Name Resolution.
[[0;32m  OK  [0m] Stopped Login Service.
[[0;32m  OK  [0m] Stopped target User and Group Name Lookups.
[[0;32m  OK  [0m] Stopped target Basic System.
[[0;32m  OK  [0m] Stopped target Paths.
[[0;32m  OK  [0m] Stopped ACPI Events Check.
[[0;32m  OK  [0m] Stopped target Sockets.
[[0;32m  OK  [0m] Closed LXD - unix socket.
[[0;32m  OK  [0m] Closed ACPID Listen Socket.
[[0;32m  OK  [0m] Closed Open-iSCSI iscsid Socket.
[[0;32m  OK  [0m] Closed Socket activation for snappy daemon.
[[0;32m  OK  [0m] Closed UUID daemon activation socket.
[[0;32m  OK  [0m] Closed Syslog Socket.
[[0;32m  OK  [0m] Stopped target Slices.
[[0;32m  OK  [0m] Removed slice User and Session Slice.
[[0;32m  OK  [0m] Closed D-Bus System Message Bus Socket.
[[0;32m  OK  [0m] Stopped target System Initialization.
[[0;32m  OK  [0m] Stopped target Local Encrypted Volumes.
[[0;32m  OK  [0m] Stopped Forward Password Requests to Wall Directory Watch.
[[0;32m  OK  [0m] Stopped Dispatch Password Requests to Console Directory Watch.
         Stopping Load/Save Random Seed...
[[0;32m  OK  [0m] Stopped Initial cloud-init job (metadata service crawler).
[[0;32m  OK  [0m] Stopped Wait for Network to be Configured.
         Stopping Network Service...
         Stopping Update UTMP about System Boot/Shutdown...
[[0;32m  OK  [0m] Stopped Load/Save Random Seed.
[[0;32m  OK  [0m] Stopped Update UTMP about System Boot/Shutdown.
[[0;32m  OK  [0m] Stopped Create Volatile Files and Directories.
[[0;32m  OK  [0m] Stopped target Local File Systems.
         Unmounting /run/user/1000...
         Unmounting /vagrant...
[[0;32m  OK  [0m] Stopped Network Service.
[[0;32m  OK  [0m] Unmounted /vagrant.
[[0;32m  OK  [0m] Unmounted /run/user/1000.
[[0;32m  OK  [0m] Stopped target Swap.
[[0;32m  OK  [0m] Reached target Unmount All Filesystems.
[[0;32m  OK  [0m] Stopped target Local File Systems (Pre).
[[0;32m  OK  [0m] Stopped Create Static Device Nodes in /dev.
         Stopping Monitoring of LVM2 mirrorsâ€¦ng dmeventd or progress polling...
[[0;32m  OK  [0m] Stopped target Network (Pre).
[[0;32m  OK  [0m] Stopped Initial cloud-init job (pre-networking).
[[0;32m  OK  [0m] Stopped Remount Root and Kernel File Systems.
[[0;32m  OK  [0m] Stopped Apply Kernel Variables.
[[0;32m  OK  [0m] Stopped Load Kernel Modules.
[[0;32m  OK  [0m] Reached target Shutdown.
[[0;32m  OK  [0m] Reached target Final Step.
         Starting Power-Off...
[[0;32m  OK  [0m] Stopped Monitoring of LVM2 mirrors,â€¦sing dmeventd or progress polling.
         Stopping LVM2 metadata daemon...
[[0;32m  OK  [0m] Stopped LVM2 metadata daemon.
[  138.478141] reboot: Power down
